--- Startup times for process: Primary (or UI client) ---

times in msec
 clock   self+sourced   self:  sourced script
 clock   elapsed:              other lines

000.001  000.001: --- NVIM STARTING ---
000.234  000.233: event init
000.392  000.159: early init
000.447  000.054: locale set
000.502  000.055: init first window
000.852  000.351: inits 1
000.863  000.011: window checked
000.866  000.003: parsing arguments
001.752  000.100  000.100: require('vim._core.shared')
001.889  000.007  000.007: require('string.buffer')
001.945  000.095  000.088: require('vim.inspect')
002.037  000.078  000.078: require('vim._core.options')
002.049  000.291  000.118: require('vim._core.editor')
002.130  000.077  000.077: require('vim._core.system')
002.133  000.519  000.050: require('vim._init_packages')
002.136  000.750: init lua interpreter
005.232  003.096: nvim_ui_attach
005.937  000.705: nvim_set_client_info
005.943  000.006: --- NVIM STARTED ---

--- Startup times for process: Embedded ---

times in msec
 clock   self+sourced   self:  sourced script
 clock   elapsed:              other lines

000.001  000.001: --- NVIM STARTING ---
000.154  000.153: event init
000.261  000.107: early init
000.319  000.058: locale set
000.365  000.045: init first window
000.892  000.527: inits 1
000.911  000.019: window checked
000.915  000.004: parsing arguments
002.559  000.044  000.044: require('vim._core.shared')
002.653  000.003  000.003: require('string.buffer')
002.679  000.062  000.059: require('vim.inspect')
002.724  000.038  000.038: require('vim._core.options')
002.730  000.167  000.067: require('vim._core.editor')
002.760  000.029  000.029: require('vim._core.system')
002.761  000.269  000.029: require('vim._init_packages')
002.764  001.579: init lua interpreter
002.836  000.073: expanding arguments
002.853  000.016: inits 2
003.127  000.274: init highlight
003.128  000.001: waiting for UI
003.229  000.101: done waiting for UI
003.234  000.005: clear screen
003.382  000.011  000.011: require('vim.keymap')
005.125  000.744  000.744: sourcing nvim_exec2()
008.767  005.530  004.775: require('vim._core.defaults')
008.771  000.007: init default mappings & autocommands
009.217  000.040  000.040: sourcing /usr/share/nvim/runtime/ftplugin.vim
009.270  000.021  000.021: sourcing /usr/share/nvim/runtime/indent.vim
009.323  000.010  000.010: sourcing /usr/share/nvim/archlinux.vim
009.326  000.032  000.022: sourcing /etc/xdg/nvim/sysinit.vim
009.921  000.354  000.354: require('custom.startup')
017.163  007.239  007.239: require('config.options')
017.833  000.664  000.664: require('config.keymaps')
018.108  000.256  000.256: require('config.autocmds')
019.168  000.080  000.080: require('vim._async')
019.395  000.223  000.223: require('vim.version')
019.780  001.571  001.268: require('vim.pack')
019.818  000.029  000.029: require('vim.fs')
019.882  000.006  000.006: require('vim.F')
020.484  000.245  000.245: require('catppuccin')
020.735  000.048  000.048: require('catppuccin.lib.hashing')
020.790  000.052  000.052: require('catppuccin.palettes')
020.828  000.035  000.035: require('catppuccin.palettes.mocha')
022.965  001.818  001.818: sourcing /home/ng/.local/share/nvim/site/pack/core/opt/nvim/colors/catppuccin.vim
022.971  004.861  001.057: require('custom.catppuccin')
023.111  000.095  000.095: require('libs.lazy')
025.007  001.658  001.658: require('mini.icons')
025.282  002.309  000.557: require('plugins.ui')
027.405  000.817  000.817: require('vim.lsp.protocol')
027.441  001.063  000.246: require('vim.lsp.log')
029.111  001.665  001.665: require('vim.lsp.util')
029.506  000.209  000.209: require('vim.lsp.sync')
029.511  000.397  000.188: require('vim.lsp._changetracking')
029.940  000.117  000.117: require('vim.lsp._transport')
029.947  000.005  000.005: require('vim._core.stringbuffer')
029.990  000.461  000.339: require('vim.lsp.rpc')
030.063  004.445  000.859: require('vim.lsp')
030.355  000.259  000.259: require('config.lspconfig')
030.472  005.188  000.483: require('plugins.lsp')
030.563  000.087  000.087: require('plugins.colorful-lsp-menu')
030.640  000.075  000.075: require('plugins.tool')
030.700  000.059  000.059: require('plugins.markdown')
031.029  000.029  000.029: require('libs.icons')
031.551  000.214  000.214: require('snacks')
031.737  001.034  000.791: require('plugins.snacks')
032.190  000.136  000.136: require('im_select')
032.247  000.507  000.371: require('plugins.im-select')
032.426  000.177  000.177: require('plugins.coderunner')
032.549  000.120  000.120: require('plugins.venv-selector')
032.592  000.038  000.038: require('plugins.treesitter-context')
032.639  000.045  000.045: require('plugins.csvview')
032.801  000.160  000.160: require('plugins.dap')
032.952  000.148  000.148: require('custom.incline')
033.088  000.118  000.118: require('custom.sudo')
033.155  000.065  000.065: require('custom.lualine')
033.242  000.085  000.085: require('custom.word-jump')
033.385  000.141  000.141: require('custom.tabline')
033.775  000.351  000.351: require('custom.pairs')
034.585  000.288  000.288: require('custom.surround')
034.810  000.181  000.181: require('custom.lsp-loading')
034.844  000.032  000.032: require('config.neovide')
034.846  025.499  000.916: sourcing /home/ng/.config/nvim/init.lua
034.852  000.488: sourcing vimrc file(s)
035.096  000.016  000.016: sourcing /usr/share/vim/vimfiles/ftdetect/PKGBUILD.vim
035.127  000.014  000.014: sourcing /usr/share/vim/vimfiles/ftdetect/SRCINFO.vim
035.163  000.019  000.019: sourcing /usr/share/vim/vimfiles/ftdetect/meson.vim
035.167  000.197  000.148: sourcing nvim_exec2() called at /usr/share/nvim/runtime/filetype.lua:0
035.170  000.255  000.058: sourcing /usr/share/nvim/runtime/filetype.lua
035.334  000.060  000.060: sourcing /usr/share/nvim/runtime/syntax/synload.vim
035.406  000.193  000.133: sourcing /usr/share/nvim/runtime/syntax/syntax.vim
035.715  000.013  000.013: sourcing /home/ng/.local/share/nvim/site/pack/core/opt/snacks.nvim/plugin/snacks.lua
036.188  000.138  000.138: sourcing /usr/share/nvim/runtime/plugin/gzip.vim
036.742  000.138  000.138: sourcing /usr/share/nvim/runtime/pack/dist/opt/matchit/plugin/matchit.vim
036.789  000.581  000.443: sourcing /usr/share/nvim/runtime/plugin/matchit.vim
036.907  000.100  000.100: sourcing /usr/share/nvim/runtime/plugin/matchparen.vim
037.486  000.242  000.242: sourcing /usr/share/nvim/runtime/pack/dist/opt/netrw/plugin/netrwPlugin.vim
037.547  000.618  000.376: sourcing /usr/share/nvim/runtime/plugin/netrwPlugin.vim
037.683  000.110  000.110: sourcing /usr/share/nvim/runtime/plugin/rplugin.vim
037.781  000.075  000.075: sourcing /usr/share/nvim/runtime/plugin/tarPlugin.vim
037.823  000.015  000.015: sourcing /usr/share/nvim/runtime/plugin/tutor.vim
037.949  000.104  000.104: sourcing /usr/share/nvim/runtime/plugin/zipPlugin.vim
038.015  000.038  000.038: sourcing /usr/share/nvim/runtime/plugin/editorconfig.lua
038.119  000.080  000.080: sourcing /usr/share/nvim/runtime/plugin/man.lua
038.218  000.061  000.061: sourcing /usr/share/nvim/runtime/plugin/nvim/net.lua
038.268  000.026  000.026: sourcing /usr/share/nvim/runtime/plugin/nvim/spellfile.lua
038.364  000.075  000.075: sourcing /usr/share/nvim/runtime/plugin/osc52.lua
038.545  000.154  000.154: sourcing /usr/share/nvim/runtime/plugin/shada.lua
038.639  000.031  000.031: sourcing /usr/share/nvim/runtime/plugin/tohtml.lua
039.160  000.446  000.446: sourcing /usr/share/vim/vimfiles/plugin/fzf.vim
039.164  001.199: loading rtp plugins
039.303  000.139: loading packages
039.312  000.009: loading after plugins
039.321  000.009: inits 3
041.255  001.935: reading ShaDa
041.348  000.092: opening buffers
041.635  000.246  000.246: require('snacks.explorer')
041.664  000.070: BufEnter autocommands
041.666  000.002: editing files in windows
041.673  000.007: --- NVIM STARTED ---

